[dotenv@17.2.3] injecting env (5) from .env -- tip: 鈿欙笍  enable debug logging with { debug: true }
--- Probing Models ---
Available Models: MiniMax-M2.1, qwen3-vl-flash-2026-01-22, qwen3-max-2026-01-23, qwen3-tts-vc-realtime-2026-01-15, qwen-image-edit-max-2026-01-16, qwen-image-edit-max, qwen-image-plus-2026-01-09, qwen-flash-character, qwen-image-max-2025-12-30, qwen-image-max, qwen-flash, z-image-turbo, qwen3-vl-plus-2025-12-19, qwen3-tts-vd-realtime-2025-12-16, qwen-image-edit-plus-2025-12-15, deepseek-v3.2, qwen3-omni-flash-2025-12-01, qwen3-omni-flash-realtime-2025-12-01, qwen3-livetranslate-flash-2025-12-01, qwen3-livetranslate-flash, qwen-plus-2025-12-01, qwen3-tts-vc-realtime-2025-11-27, qwen3-tts-flash-2025-11-27, qwen3-tts-flash-realtime-2025-11-27, qwen-plus-2025-11-05, qwen-mt-lite, qwen-vl-ocr-2025-11-20, kimi-k2-thinking, qwen-mt-flash, gui-plus, qwen-image-edit-plus-2025-10-30, qwen-image-edit-plus, qwen-deep-search-planning, qwen3-asr-flash-realtime-2025-10-27, qwen3-asr-flash-realtime, qwen3-vl-flash, qwen3-vl-flash-2025-10-15, qwen3-tts-flash, qwen3-tts-flash-2025-09-18, qwen3-tts-flash-realtime-2025-09-18, qwen3-tts-flash-realtime, qwen3-omni-flash-realtime, qwen3-omni-flash, qwen3-omni-flash-2025-09-15, qwen3-omni-flash-realtime-2025-09-15, qwen3-s2s-flash-realtime-2025-09-22, qwen3-livetranslate-flash-realtime, qwen3-livetranslate-flash-realtime-2025-09-22, qwen2.5-14b-instruct-1m, qwen2.5-7b-instruct-1m, qwen-max-2025-01-25, qwen-turbo-2024-11-01, qwen-plus-2025-01-25, qwq-plus-2025-03-05, qwq-plus, qwen2.5-vl-32b-instruct, qvq-max, qwen-omni-turbo, qwen-turbo-2025-04-28, qwen-plus-2025-04-28, qwen-vl-max-2025-04-08, qwen-vl-plus-2025-01-25, qwen-vl-plus-latest, qwen-vl-max-latest, qwen-vl-plus-2025-05-07, qwen-turbo-2025-07-15, qwen3-235b-a22b-instruct-2507, qwen3-235b-a22b-thinking-2507, qwen3-30b-a3b-thinking-2507, qwen3-30b-a3b-instruct-2507, qwen3-coder-flash, qwen3-coder-plus-2025-09-23, qwen3-max-2025-09-23, qwen3-vl-plus, qwen3-vl-plus-2025-09-23, qwen-plus-2025-09-11, qwen3-next-80b-a3b-thinking, qwen3-next-80b-a3b-instruct, qwen3-max-preview, deepseek-v3.1, qwen-vl-plus-2025-08-15, qwen3-coder-plus, qwen3-coder-plus-2025-07-22, qwen-plus-2025-07-14, qwen3-coder-480b-a35b-instruct, qwen-mt-turbo, qwen-mt-plus, qwen-tts-2025-05-22, qvq-plus, qvq-plus-2025-05-15, qvq-max-2025-05-15, qwen3-4b, qwen3-32b, qwen3-30b-a3b, qwen3-235b-a22b, qwen3-14b, qwen3-1.7b, qwen3-0.6b, qwen3-8b, qwen-vl-max-2025-04-02, deepseek-v3, deepseek-r1-distill-llama-70b, deepseek-r1-distill-qwen-32b, deepseek-r1-distill-qwen-14b, deepseek-r1-distill-llama-8b, deepseek-r1-distill-qwen-1.5b, deepseek-r1-distill-qwen-7b, deepseek-r1, qwen1.5-7b-chat, qwen-vl-ocr-latest, qwen-vl-ocr, qwen-coder-plus-1106, qwen-coder-plus, qwen-coder-plus-latest, qwen2.5-coder-3b-instruct, qwen2.5-coder-0.5b-instruct, qwen2.5-coder-14b-instruct, qwen2.5-coder-32b-instruct, qwen-math-plus-0919, qwen2.5-0.5b-instruct, qwen-plus-0919, qwen2.5-14b-instruct, qwen2.5-7b-instruct, qwen2.5-math-72b-instruct, qwen-coder-turbo-latest, qwen-math-turbo-0919, qwen-turbo-0919, qwen-math-plus, qwen-max-0919, qwen-math-turbo-latest, qwen-max-latest, qwen-math-turbo, qwen-math-plus-latest, qwen-coder-turbo-0919, qwen-coder-turbo, qwen2.5-math-7b-instruct, qwen2.5-coder-7b-instruct, qwen2.5-72b-instruct, qwen2.5-32b-instruct, qwen2.5-math-1.5b-instruct, qwen2.5-1.5b-instruct, qwen-turbo-latest, qwen-plus-latest, qwen2.5-3b-instruct, qwen2-0.5b-instruct, qwen2-7b-instruct, qwen2-57b-a14b-instruct, qwen2-1.5b-instruct, qwen-long, qwen-vl-max, qwen-vl-plus, qwen-max-0428, qwen1.5-110b-chat, qwen-7b-chat, qwen-72b-chat, qwen1.5-0.5b-chat, codeqwen1.5-7b-chat, qwen-1.8b-chat, qwen-1.8b-longcontext-chat, qwen-14b-chat, qwen-max-longcontext, qwen-max-1201, qwen1.5-1.8b-chat, qwen1.5-14b-chat, qwen1.5-32b-chat, qwen1.5-72b-chat, qwen-max, qwen-max-0403, qwen-plus, qwen-max-0107, qwen-turbo

Testing Model: qwen3-vl-plus
鉂?FAILED with qwen3-vl-plus: 403 The free tier of the model has been exhausted. If you wish to continue access the model on a paid basis, please disable the "use free tier only" mode in the management console.

Testing Model: qwen-vl-plus
鉂?FAILED with qwen-vl-plus: 400 <400> InternalError.Algo.InvalidParameter: The image length and width do not meet the model restrictions. [height:1 or width:1 must be larger than 10]

Testing Model: qwen-vl-max
鉂?FAILED with qwen-vl-max: 400 <400> InternalError.Algo.InvalidParameter: The image length and width do not meet the model restrictions. [height:1 or width:1 must be larger than 10]
